[09/01/26 11:21:51] info     ================= cer started =================
[09/01/26 11:21:51] info     C:\Program Files\Autodesk\AutoCAD 2027\cer.dll, 7.2.4+20251128.8f05bb68.927
[09/01/26 11:21:51] info     Setting key SP/SDK_VERSION, value 7.2.4+20251128.8f05bb68.927 (maxCount 1)
[09/01/26 11:21:51] info     Setting key SP/PRODUCT_NAME_HASH, value f4bac121a1625586cb5b9106c8e839a7990f2b6c (maxCount 1)
[09/01/26 11:21:51] info     Setting key SP/RUNTIME_ARCH, value 1 (maxCount 1)
[09/01/26 11:21:51] info     Set senddmp exe path to C:\Program Files\Autodesk\AutoCAD 2027\CER\senddmp.exe
[09/01/26 11:21:51] info     The cer_service exe C:\Program Files\Autodesk\AutoCAD 2027\CER\service\cer_service.exe is not in folder C:\Program Files\Autodesk\AutoCAD 2027\CER\, it's not a sandbox
[09/01/26 11:21:51] info     Set upi exe path to C:\Program Files\Autodesk\AutoCAD 2027\CER\upi.exe
[09/01/26 11:21:51] info     launching C:\Program Files\Autodesk\AutoCAD 2027\CER\upi.exe --cmd=get-device-id C:\Users\imtya\AppData\Local\Temp\15FCE767F24F74D1\Temp\upi_deviceid2
[09/01/26 11:21:51] info     Set deviceID2 to CD5F4AD0B7C2A702B73B56F121DB7AABDA3B64FE41421890DB71992F1B5D8A39&7109C6A820595002099723308E8DA00052D8E1F8B6DC02F21F226F68D6C23A7B&1138C7F8359E0F886368255411734A6C7BE0FCDACE865E528D5CC8F508354941
[09/01/26 11:21:51] info     Setting key SP/DEVICEID2, value CD5F4AD0B7C2A702B73B56F121DB7AABDA3B64FE41421890DB71992F1B5D8A39&7109C6A820595002099723308E8DA00052D8E1F8B6DC02F21F226F68D6C23A7B&1138C7F8359E0F886368255411734A6C7BE0FCDACE865E528D5CC8F508354941 (maxCount 1)
[09/01/26 11:21:51] info     Setting key SP/UUID, value f4bac121a1625586cb5b9106c8e839a7990f2b6cCD5F4AD0B7C2A702B73B56F121DB7AABDA3B64FE41421890DB71992F1B5D8A39&7109C6A820595002099723308E8DA00052D8E1F8B6DC02F21F226F68D6C23A7B&1138C7F8359E0F886368255411734A6C7BE0FCDACE865E528D5CC8F508354941 (maxCount 1)
[09/01/26 11:21:51] info     Set senddmp exe path to C:\Program Files\Autodesk\AutoCAD 2027\CER\senddmp.exe
[09/01/26 11:21:51] info     The cer_service exe C:\Program Files\Autodesk\AutoCAD 2027\CER\service\cer_service.exe is not in folder C:\Program Files\Autodesk\AutoCAD 2027\CER\, it's not a sandbox
[09/01/26 11:21:51] info     launching C:\Program Files\Autodesk\AutoCAD 2027\CER\upi.exe "C:\Program Files\Autodesk\AutoCAD 2027\en-US\UPI\upiconfig.xml" C:\Users\imtya\AppData\Local\Temp\15FCE767F24F74D1\Temp\upi_info.xml
[09/01/26 11:21:51] info     Setting key SP/UPI_PRODUCT, value ACD (maxCount 1)
[09/01/26 11:21:51] info     Setting key SP/UPI_RELEASE, value 2027 (maxCount 1)
[09/01/26 11:21:51] info     Setting key SP/UPI_MASTER, value {28B89EEF-A101-0409-2102-CF3F3A09B77D} (maxCount 1)
[09/01/26 11:21:51] info     Setting key SP/UPI_BUILD, value 26.0.118.0.0 (maxCount 1)
[09/01/26 11:21:51] info     Setting key SP/UPI_FULL_XML, value <?xml version="1.0"?><upipackage><upivalue version="1.0" type="product" requestingapp="true"><level name="productline" id="ACD"><level name="release" id="2027"><level name="master" id="{28B89EEF-A101-0409-2102-CF3F3A09B77D}"><level name="build" id="26.0.118.0.0"/></level></level></level></upivalue>
<upivalue version="1.0" type="product"><level name="productline" id="RVT"><level name="release" id="2027"><level name="master" id="MUI64"><level name="build" id="27.1.0.45"/></level></level></level></upivalue>
<upivalue version="1.0" type="product"><level name="productline" id="ARCHDESK"><level name="release" id="2027"><level name="master" id="{28B89EEE-A104-0000-5102-CF3F3A09B77D}"><level name="build" id="8.9.46.0"/></level></level></level></upivalue>
<upivalue version="1.0" type="product"><level name="productline" id="ACD"><level name="release" id="2027"><level name="master" id="{28B89EEF-A101-0409-1102-CF3F3A09B77D}"><level name="build" id="26.0.118.0.0"/></level></level></level></upivalue>
<upivalue version="1.0" type="product"><level name="productline" id="ACD"><level name="release" id="2027"><level name="master" id="{28B89EEF-A101-0000-0102-CF3F3A09B77D}"><level name="build" id="26.0.118.0.0"/></level></level></level></upivalue>
</upipackage> (maxCount 1)
[09/01/26 11:21:51] info     set legacy options: /APPICON "C:\Program Files\Autodesk\AutoCAD 2027\AcBrandRes.dll" /APPICONID 1
[09/01/26 11:21:51] info     Setting key RP/AppIcon, value C:\Program Files\Autodesk\AutoCAD 2027\AcBrandRes.dll (maxCount 1)
[09/01/26 11:21:51] info     Setting key RP/AppIconId, value 1 (maxCount 1)
[09/01/26 11:21:51] info     Setting key RP/CadSettingsRegPath, value Software\Autodesk\AutoCAD\R26.0\ACAD-A101:409\CadManagerControl\CustomerErrorReport (maxCount 1)
[09/01/26 11:21:51] info     Setting key RP/AppLocaleId, value 1033 (maxCount 1)
[09/01/26 11:21:51] info     Setting key RP/AppXML, value <ProductInformation name ="AutoCAD" build_version="X.118.0.0(x64)" registry_version="26.0" install_id_string="15FCE767F24F74D1" registry_localeID="1033" git_commit_id="2c19eb970fc25f5e380f0bd3736f8ba9103aade4" /> (maxCount 100)
[09/01/26 11:21:51] info     Setting key SP/THEME_TYPE, value Blue (maxCount 1)
[09/01/26 11:21:51] info     Setting key SP/EXCEPTION_INFO_POINTER, value 140704841303320 (maxCount 1)
[09/01/26 11:21:51] info     Setting key SP/THREAD_ID, value 4294967295 (maxCount 1)
[09/01/26 11:21:51] info     Get key SP/THREAD_ID, index 0: "4294967295"
[09/01/26 11:21:51] info     Setting key SP/WER, value 0 (maxCount 1)
[09/01/26 11:21:51] info     Get key SP/WER, index 0: "0"
[09/01/26 11:21:51] info     Registered C:\Program Files\Autodesk\AutoCAD 2027\cer.dll as WER runtime exception module
[09/01/26 11:21:51] info     Current ErrorMode is 32769
[09/01/26 11:21:51] debug    Receiver ping: pong
